<area shape="rect" href="$classstor_1_1_queue.html" title="Generic queue class holding I2OChains." alt="" coords="5,107,101,133">
<area shape="rect" href="$classstor_1_1_d_q_m_event_consumer_queue.html" title="Queue holding I2OChains of complete DQM events (histograms) waiting to be served..." alt="" coords="149,5,379,32">
<area shape="rect" href="$classstor_1_1_d_q_m_event_queue.html" title="Queue holding I2OChains of complete DQM events (histograms) waiting to be processed..." alt="" coords="183,56,345,83">
<area shape="rect" href="$classstor_1_1_event_consumer_queue.html" title="Queue holding I2OChains of complete events waiting to be served over HTTP to an event..." alt="" coords="165,107,363,133">
<area shape="rect" href="$classstor_1_1_fragment_queue.html" title="Queue holding I2OChains of event fragments." alt="" coords="185,157,343,184">
<area shape="rect" href="$classstor_1_1_stream_queue.html" title="Queue holding I2OChains of complete events waiting to be written to the appropriate..." alt="" coords="192,208,336,235">
